
> radassist-ai-frontend@2.0.0 dev
> vite --host 0.0.0.0 --port 5173


  VITE v8.2.2  ready in 107 ms

  ➜  Local:   http://localhost:5173/
  ➜  Network: http://192.168.0.147:5173/  en0

> radassist-ai-frontend@2.0.0 dev
> vite --host 0.0.0.0 --port 5173


  VITE v8.2.2  ready in 117 ms

  ➜  Local:   http://localhost:5173/
  ➜  Network: http://192.168.0.147:5173/  en0
12:58:42 PM [vite] (client) page reload src/components/login.js
12:58:42 PM [vite] (client) page reload src/components/icons.js
12:58:42 PM [vite] (client) page reload src/main.js
12:58:42 PM [vite] (client) hmr update /src/index.css
12:58:42 PM [vite] (client) page reload src/dom.js
12:58:42 PM [vite] (client) page reload src/components/newCase.js
12:58:42 PM [vite] (client) page reload src/state.js
12:58:42 PM [vite] vite.config.js changed, restarting server...
12:58:42 PM [vite] (client) page reload index.html
12:58:42 PM [vite] (client) page reload src/api.js
12:58:42 PM [vite] (client) page reload src/components/audit.js
12:58:42 PM [vite] (client) page reload src/components/review.js
12:58:42 PM [vite] (client) page reload src/components/dashboard.js
12:58:42 PM [vite] (client) page reload src/components/header.js
12:58:42 PM [vite] (client) page reload src/components/login.js
12:58:42 PM [vite] (client) page reload src/main.js
12:58:42 PM [vite] (client) page reload src/dom.js
12:58:42 PM [vite] (client) page reload src/state.js
12:58:42 PM [vite] vite.config.js changed, restarting server...
12:58:42 PM [vite] (client) page reload src/api.js
12:58:42 PM [vite] (client) page reload src/components/audit.js
12:58:42 PM [vite] (client) page reload src/components/review.js
12:58:43 PM [vite] server restarted.
12:59:36 PM [vite] vite.config.js changed, restarting server...
12:59:36 PM [vite] (client) page reload index.html
failed to load config from /Users/PHY/Downloads/radassist-ai-frontend/vite.config.js
12:59:36 PM [vite] Build failed with 1 error:

[31m[UNHANDLEABLE_ERROR] [0mSomething went wrong inside rolldown, please report this problem at https://github.com/rolldown/rolldown/issues.
JSONError { path: "/Users/PHY/Downloads/radassist-ai-frontend/package.json", message: "File is empty", line: 0, column: 0 }

12:59:36 PM [vite] server restart failed
12:59:36 PM [vite] vite.config.js changed, restarting server...
12:59:36 PM [vite] server restarted.

> radassist-ai-frontend@2.0.0 dev
> vite --host 0.0.0.0 --port 5173

下午1:04:20 [vite] (client) Re-optimizing dependencies because vite config has changed

  VITE v8.2.2  ready in 116 ms

  ➜  Local:   http://localhost:5173/
  ➜  Network: http://192.168.0.147:5173/  en0
